------------------------------------------------------------
Timing Analyzer Summary
------------------------------------------------------------

Type  : Slow 1100mV 85C Model Setup 'clk'
Slack : -1.032
TNS   : -12.342

Type  : Slow 1100mV 85C Model Hold 'clk'
Slack : 0.230
TNS   : 0.000

Type  : Slow 1100mV 85C Model Minimum Pulse Width 'clk'
Slack : -0.394
TNS   : -17.285

Type  : Slow 1100mV 0C Model Setup 'clk'
Slack : -1.114
TNS   : -12.296

Type  : Slow 1100mV 0C Model Hold 'clk'
Slack : 0.213
TNS   : 0.000

Type  : Slow 1100mV 0C Model Minimum Pulse Width 'clk'
Slack : -0.394
TNS   : -18.798

Type  : Fast 1100mV 85C Model Setup 'clk'
Slack : -0.195
TNS   : -0.658

Type  : Fast 1100mV 85C Model Hold 'clk'
Slack : 0.147
TNS   : 0.000

Type  : Fast 1100mV 85C Model Minimum Pulse Width 'clk'
Slack : -0.078
TNS   : -2.548

Type  : Fast 1100mV 0C Model Setup 'clk'
Slack : -0.120
TNS   : -0.362

Type  : Fast 1100mV 0C Model Hold 'clk'
Slack : 0.132
TNS   : 0.000

Type  : Fast 1100mV 0C Model Minimum Pulse Width 'clk'
Slack : -0.078
TNS   : -2.530

------------------------------------------------------------
